1          00000     FA13_2:     START      #0               
2          00000                 EXTDEF     ONE,THREE        
3          00000                 EXTREF     TWO,FOUR         
4          00000     BEGIN:      +SSK       ONE              EF100000    
5          00004                 +DIVF      TWO              67100000    
6          00008                 +WD        FOUR+#6          DF100000    
7          0000C     THREE:      WORD       97               000061    
8          0000F                 END        BEGIN            


===SYM_START===
______________________________________________
Symbol Table:
______________________________________________
Symbol     Value      RFlag  IFlag  MFlag 
______________________________________________
BEGI       00000      1      1      0     
FA13       00000      1      1      0     
FOUR       00000      0      1      0     
ONE        00000      1      1      1     
THRE       00000      1      1      1     
TWO        00000      0      1      0     
______________________________________________

===SYM_END===


===LIT_START===
Literal table is empty.
===LIT_END===
